
> ai-chatbot-api@1.0.0 dev
> wrangler dev


 ⛅️ wrangler 3.114.12 (update available 4.28.1)
-----------------------------------------------

[33m▲ [43;33m[[43;30mWARNING[43;33m][0m [1mThe version of Wrangler you are using is now out-of-date.[0m

  Please update to the latest version to prevent critical errors.
  Run `npm install --save-dev wrangler@4` to update to the latest version.
  After installation, run Wrangler with `npx wrangler`.


Using vars defined in .dev.vars
Your Worker and resources are simulated locally via Miniflare. For more information, see: https://developers.cloudflare.com/workers/testing/local-development.

Your worker has access to the following bindings:
- Vars:
  - SUPABASE_URL: "https://qpfljbjbyuiymeqghvsz.supabase..."
  - QDRANT_URL: "http://localhost:6333"
  - CRAWLER_SERVICE_URL: "http://localhost:8001"
  - PARSER_SERVICE_URL: "http://localhost:8002"
  - EMBEDDINGS_SERVICE_URL: "http://localhost:8003"
  - RAG_SERVICE_URL: "http://localhost:8004"
  - SUPABASE_ANON_KEY: "(hidden)"
  - SUPABASE_SERVICE_ROLE_KEY: "(hidden)"
  - ALLOWED_ORIGIN: "(hidden)"
  - QDRANT_API_KEY: "(hidden)"
  - CRAWLER_SERVICE_KEY: "(hidden)"
  - PARSER_SERVICE_KEY: "(hidden)"
  - EMBEDDINGS_SERVICE_KEY: "(hidden)"
  - RAG_SERVICE_KEY: "(hidden)"
  - OLLAMA_URL: "(hidden)"
  - OLLAMA_MODEL: "(hidden)"
  - REALTIME_CRAWL_SERVICE_URL: "(hidden)"
  - REALTIME_CRAWL_SERVICE_KEY: "(hidden)"
  - SUPABASE_DB_HOST: "(hidden)"
  - SUPABASE_DB_NAME: "(hidden)"
  - SUPABASE_DB_USER: "(hidden)"
  - SUPABASE_DB_PASSWORD: "(hidden)"
  - SUPABASE_DB_PORT: "(hidden)"
[wrangler:inf] Ready on http://127.0.0.1:8787
⎔ Starting local server...
[wrangler:inf] OPTIONS /api/auth/login 204 No Content (15ms)
Attempting login for email: sagnikbhattacharjeephotos@google.com
[31mX [41;31m[[41;97mERROR[41;31m][0m [1mLogin error: AuthApiError: Invalid login credentials[0m

      at handleError (file:///C:/Logiquad/ChatBot/ai_chatbot/api/node_modules/@supabase/auth-js/src/lib/fetch.ts:102:9)
      at async _handleRequest (file:///C:/Logiquad/ChatBot/ai_chatbot/api/node_modules/@supabase/auth-js/src/lib/fetch.ts:195:5)
      at async _request (file:///C:/Logiquad/ChatBot/ai_chatbot/api/node_modules/@supabase/auth-js/src/lib/fetch.ts:157:16)
      at async SupabaseAuthClient.signInWithPassword (file:///C:/Logiquad/ChatBot/ai_chatbot/api/node_modules/@supabase/auth-js/src/GoTrueClient.ts:573:15)
      at async login (file:///C:/Logiquad/ChatBot/ai_chatbot/api/src/handlers/auth.js:164:29)
      at async Router.handle (file:///C:/Logiquad/ChatBot/ai_chatbot/api/src/router.js:86:18)
      at async jsonError (file:///C:/Logiquad/ChatBot/ai_chatbot/api/node_modules/wrangler/templates/middleware/middleware-miniflare3-json-error.ts:22:10)
      at async drainBody (file:///C:/Logiquad/ChatBot/ai_chatbot/api/node_modules/wrangler/templates/middleware/middleware-ensure-req-body-drained.ts:5:10) {
    __isAuthError: true,
    status: 400,
    code: 'invalid_credentials'
  }


[wrangler:inf] POST /api/auth/login 401 Unauthorized (1496ms)
Attempting login for email: sbhattacharjee@logiquad.com
[31mX [41;31m[[41;97mERROR[41;31m][0m [1mLogin error: AuthApiError: Invalid login credentials[0m

      at handleError (file:///C:/Logiquad/ChatBot/ai_chatbot/api/node_modules/@supabase/auth-js/src/lib/fetch.ts:102:9)
      at async _handleRequest (file:///C:/Logiquad/ChatBot/ai_chatbot/api/node_modules/@supabase/auth-js/src/lib/fetch.ts:195:5)
      at async _request (file:///C:/Logiquad/ChatBot/ai_chatbot/api/node_modules/@supabase/auth-js/src/lib/fetch.ts:157:16)
      at async SupabaseAuthClient.signInWithPassword (file:///C:/Logiquad/ChatBot/ai_chatbot/api/node_modules/@supabase/auth-js/src/GoTrueClient.ts:573:15)
      at async login (file:///C:/Logiquad/ChatBot/ai_chatbot/api/src/handlers/auth.js:164:29)
      at async Router.handle (file:///C:/Logiquad/ChatBot/ai_chatbot/api/src/router.js:86:18)
      at async jsonError (file:///C:/Logiquad/ChatBot/ai_chatbot/api/node_modules/wrangler/templates/middleware/middleware-miniflare3-json-error.ts:22:10)
      at async drainBody (file:///C:/Logiquad/ChatBot/ai_chatbot/api/node_modules/wrangler/templates/middleware/middleware-ensure-req-body-drained.ts:5:10) {
    __isAuthError: true,
    status: 400,
    code: 'invalid_credentials'
  }


[wrangler:inf] POST /api/auth/login 401 Unauthorized (406ms)
Attempting login for email: sbhattacharjee@logiquad.com
Login successful for user: 4cf578b8-b2ba-4cec-9d4d-0b6281c836fb
[wrangler:inf] POST /api/auth/login 200 OK (586ms)
[wrangler:inf] OPTIONS /api/bots 204 No Content (8ms)
[wrangler:inf] OPTIONS /api/auth/user 204 No Content (6ms)
[wrangler:inf] OPTIONS /api/bots 204 No Content (8ms)
[wrangler:inf] GET /api/auth/user 200 OK (592ms)
[wrangler:inf] GET /api/bots 200 OK (1054ms)
[wrangler:inf] GET /api/bots 200 OK (590ms)
[wrangler:inf] GET /api/bots 200 OK (298ms)
[wrangler:inf] GET /api/bots 200 OK (569ms)
[wrangler:inf] GET /api/bots 200 OK (460ms)
[wrangler:inf] GET /api/bots 200 OK (453ms)
[wrangler:inf] GET /api/bots 200 OK (303ms)
[wrangler:inf] GET /api/bots 200 OK (308ms)
[wrangler:inf] GET /api/bots 200 OK (405ms)
[wrangler:inf] GET /api/bots 200 OK (422ms)
[wrangler:inf] GET /api/bots 200 OK (274ms)
[wrangler:inf] GET /api/bots 200 OK (279ms)
[wrangler:inf] OPTIONS /api/bots/538ce61d-3248-46bd-a1d8-11161b46989f 204 No Content (4ms)
[wrangler:inf] OPTIONS /api/bots/538ce61d-3248-46bd-a1d8-11161b46989f 204 No Content (2ms)
[wrangler:inf] GET /api/bots/538ce61d-3248-46bd-a1d8-11161b46989f 200 OK (538ms)
[wrangler:inf] OPTIONS /api/crawl/jobs 204 No Content (3ms)
[wrangler:inf] OPTIONS /api/realtime-crawl/jobs 204 No Content (3ms)
[wrangler:inf] GET /api/crawl/jobs 200 OK (373ms)
[wrangler:inf] GET /api/bots/538ce61d-3248-46bd-a1d8-11161b46989f 200 OK (493ms)
[wrangler:inf] GET /api/realtime-crawl/jobs 200 OK (754ms)
[wrangler:inf] OPTIONS /api/documents 204 No Content (3ms)
[wrangler:inf] GET /api/crawl/jobs 200 OK (511ms)
[wrangler:inf] GET /api/documents 200 OK (399ms)
[wrangler:inf] OPTIONS /api/chat/conversations 204 No Content (2ms)
[wrangler:inf] GET /api/realtime-crawl/jobs 200 OK (534ms)
[wrangler:inf] GET /api/chat/conversations 200 OK (452ms)
[wrangler:inf] GET /api/documents 200 OK (817ms)
[wrangler:inf] GET /api/chat/conversations 200 OK (364ms)
[wrangler:inf] GET /api/bots 200 OK (889ms)
[wrangler:inf] GET /api/bots 200 OK (287ms)
[wrangler:inf] GET /api/bots 200 OK (520ms)
[wrangler:inf] GET /api/bots 200 OK (546ms)
[wrangler:inf] GET /api/bots 200 OK (441ms)
[wrangler:inf] GET /api/bots 200 OK (288ms)
[wrangler:inf] GET /api/bots 200 OK (558ms)
[wrangler:inf] GET /api/bots 200 OK (417ms)
[wrangler:inf] GET /api/bots 200 OK (812ms)
[wrangler:inf] GET /api/bots 200 OK (556ms)
[wrangler:inf] GET /api/bots 200 OK (915ms)
[wrangler:inf] GET /api/auth/user 200 OK (942ms)
[wrangler:inf] GET /api/auth/user 200 OK (268ms)
[wrangler:inf] GET /api/bots 200 OK (681ms)
[wrangler:inf] GET /api/bots 200 OK (289ms)
[wrangler:inf] OPTIONS /api/bots/b9e5f375-8afb-4245-9ddf-b6ffe6ad3634 204 No Content (5ms)
[wrangler:inf] OPTIONS /api/bots/b9e5f375-8afb-4245-9ddf-b6ffe6ad3634 204 No Content (5ms)
[wrangler:inf] GET /api/bots/b9e5f375-8afb-4245-9ddf-b6ffe6ad3634 200 OK (292ms)
[wrangler:inf] OPTIONS /api/crawl/jobs 204 No Content (4ms)
[wrangler:inf] OPTIONS /api/realtime-crawl/jobs 204 No Content (6ms)
[wrangler:inf] GET /api/bots/b9e5f375-8afb-4245-9ddf-b6ffe6ad3634 200 OK (309ms)
[wrangler:inf] GET /api/realtime-crawl/jobs 200 OK (583ms)
[wrangler:inf] GET /api/crawl/jobs 200 OK (717ms)
[wrangler:inf] OPTIONS /api/documents 204 No Content (2ms)
[wrangler:inf] GET /api/realtime-crawl/jobs 200 OK (253ms)
[wrangler:inf] GET /api/crawl/jobs 200 OK (463ms)
[wrangler:inf] GET /api/documents 200 OK (481ms)
[wrangler:inf] OPTIONS /api/chat/conversations 204 No Content (2ms)
[wrangler:inf] GET /api/documents 200 OK (436ms)
[wrangler:inf] GET /api/chat/conversations 200 OK (580ms)
[wrangler:inf] GET /api/chat/conversations 200 OK (432ms)
[wrangler:inf] GET /api/bots 200 OK (864ms)
[wrangler:inf] GET /api/bots 200 OK (402ms)
[wrangler:inf] GET /api/bots 200 OK (389ms)
[wrangler:inf] GET /api/bots 200 OK (404ms)
[wrangler:inf] GET /api/bots 200 OK (316ms)
[wrangler:inf] GET /api/bots 200 OK (470ms)
[wrangler:inf] GET /api/bots 200 OK (354ms)
[wrangler:inf] GET /api/bots 200 OK (428ms)
[wrangler:inf] GET /api/bots 200 OK (560ms)
[wrangler:inf] GET /api/bots 200 OK (405ms)
[wrangler:inf] GET /api/bots 200 OK (331ms)
[wrangler:inf] GET /api/bots 200 OK (278ms)
[wrangler:inf] GET /api/bots 200 OK (297ms)
[wrangler:inf] GET /api/bots 200 OK (296ms)
[wrangler:inf] GET /api/bots 200 OK (271ms)
[wrangler:inf] GET /api/bots 200 OK (386ms)
[wrangler:inf] GET /api/bots 200 OK (733ms)
[wrangler:inf] GET /api/bots 200 OK (290ms)
[wrangler:inf] GET /api/bots/b9e5f375-8afb-4245-9ddf-b6ffe6ad3634 200 OK (422ms)
[wrangler:inf] OPTIONS /api/widget/b9e5f375-8afb-4245-9ddf-b6ffe6ad3634/config 204 No Content (2ms)
[wrangler:inf] GET /api/bots/b9e5f375-8afb-4245-9ddf-b6ffe6ad3634 200 OK (272ms)
[wrangler:inf] GET /api/widget/b9e5f375-8afb-4245-9ddf-b6ffe6ad3634/config 200 OK (400ms)
[wrangler:inf] GET /api/widget/b9e5f375-8afb-4245-9ddf-b6ffe6ad3634/config 200 OK (151ms)
[wrangler:inf] GET /api/auth/user 200 OK (427ms)
[wrangler:inf] GET /api/widget/b9e5f375-8afb-4245-9ddf-b6ffe6ad3634/config 200 OK (450ms)
[wrangler:inf] GET /api/auth/user 200 OK (164ms)
[wrangler:inf] GET /api/widget/b9e5f375-8afb-4245-9ddf-b6ffe6ad3634/config 200 OK (176ms)
[wrangler:inf] GET /api/widget/b9e5f375-8afb-4245-9ddf-b6ffe6ad3634/config 200 OK (623ms)
[wrangler:inf] GET /api/auth/user 200 OK (707ms)
[wrangler:inf] GET /api/widget/b9e5f375-8afb-4245-9ddf-b6ffe6ad3634/config 200 OK (146ms)
[wrangler:inf] GET /api/auth/user 200 OK (128ms)
[wrangler:inf] GET /api/auth/user 200 OK (125ms)
[wrangler:inf] GET /api/auth/user 200 OK (121ms)
[wrangler:inf] GET /api/bots/b9e5f375-8afb-4245-9ddf-b6ffe6ad3634 200 OK (298ms)
[wrangler:inf] GET /api/widget/b9e5f375-8afb-4245-9ddf-b6ffe6ad3634/config 200 OK (121ms)
[wrangler:inf] GET /api/bots/b9e5f375-8afb-4245-9ddf-b6ffe6ad3634 200 OK (303ms)
[wrangler:inf] GET /api/widget/b9e5f375-8afb-4245-9ddf-b6ffe6ad3634/config 200 OK (147ms)
[wrangler:inf] GET /api/bots/b9e5f375-8afb-4245-9ddf-b6ffe6ad3634 200 OK (426ms)
[wrangler:inf] GET /api/widget/b9e5f375-8afb-4245-9ddf-b6ffe6ad3634/config 200 OK (162ms)
[wrangler:inf] GET /api/widget/b9e5f375-8afb-4245-9ddf-b6ffe6ad3634/config 200 OK (528ms)
[wrangler:inf] GET /api/auth/user 200 OK (1009ms)
[wrangler:inf] GET /api/widget/b9e5f375-8afb-4245-9ddf-b6ffe6ad3634/config 200 OK (1043ms)
[wrangler:inf] GET /api/widget/b9e5f375-8afb-4245-9ddf-b6ffe6ad3634/config 200 OK (303ms)
[wrangler:inf] GET /api/auth/user 200 OK (332ms)
[wrangler:inf] GET /api/bots 200 OK (460ms)
[wrangler:inf] GET /api/bots 200 OK (329ms)
[wrangler:inf] GET /api/bots 200 OK (563ms)
[wrangler:inf] GET /api/bots 200 OK (453ms)
[wrangler:inf] GET /api/bots 200 OK (549ms)
[wrangler:inf] GET /api/bots 200 OK (465ms)
[wrangler:inf] GET /api/bots 200 OK (300ms)
[wrangler:inf] GET /api/bots 200 OK (438ms)
[wrangler:inf] GET /api/bots 401 Unauthorized (1010ms)
[wrangler:inf] GET /api/bots 401 Unauthorized (266ms)
[wrangler:inf] GET /api/bots 401 Unauthorized (278ms)
[wrangler:inf] GET /api/bots 401 Unauthorized (254ms)
[wrangler:inf] GET /api/auth/user 401 Unauthorized (145ms)
[wrangler:inf] GET /api/auth/user 401 Unauthorized (329ms)
Attempting login for email: sbhattacharjee@logiquad.com
Login successful for user: 4cf578b8-b2ba-4cec-9d4d-0b6281c836fb
[wrangler:inf] POST /api/auth/login 200 OK (688ms)
[wrangler:inf] GET /api/auth/user 200 OK (596ms)
[wrangler:inf] GET /api/bots 200 OK (915ms)
[wrangler:inf] GET /api/bots 200 OK (444ms)
[wrangler:inf] GET /api/bots 200 OK (307ms)
[wrangler:inf] GET /api/bots 200 OK (305ms)
[wrangler:inf] GET /api/bots 200 OK (341ms)
[wrangler:inf] GET /api/bots 200 OK (447ms)
[wrangler:inf] GET /api/bots 200 OK (340ms)
[wrangler:inf] GET /api/bots 200 OK (305ms)
[wrangler:inf] GET /api/bots 200 OK (332ms)
[wrangler:inf] GET /api/bots 200 OK (315ms)
[wrangler:inf] GET /api/bots 200 OK (955ms)
[wrangler:inf] GET /api/bots 200 OK (372ms)
⎔ Reloading local server...
[31mX [41;31m[[41;97mERROR[41;31m][0m [1mBuild failed with 1 error:[0m

  [31mX [41;31m[[41;97mERROR[41;31m][0m [1mCould not resolve "./handlers/analytics"[0m
  
      src/index.js:16:34:
  [37m      16 │ import * as analyticsHandler from [32m'./handlers/analytics'[37m;
           ╵                                   [32m~~~~~~~~~~~~~~~~~~~~~~[0m
  
  


⎔ Reloading local server...
[wrangler:inf] GET /api/auth/user 200 OK (843ms)
[wrangler:inf] GET /api/auth/user 200 OK (262ms)
[wrangler:inf] GET /api/bots 200 OK (1847ms)
[wrangler:inf] OPTIONS /api/analytics/bot-stats 204 No Content (7ms)
[wrangler:inf] GET /api/bots 200 OK (1041ms)
[wrangler:inf] GET /api/analytics/bot-stats 200 OK (1093ms)
[wrangler:inf] GET /api/analytics/bot-stats 200 OK (1019ms)
[wrangler:inf] GET /api/bots 200 OK (1220ms)
⎔ Reloading local server...
[wrangler:inf] OPTIONS /api/bots 204 No Content (26ms)
[wrangler:inf] OPTIONS /api/bots 204 No Content (20ms)
[wrangler:inf] GET /api/bots 401 Unauthorized (1136ms)
[wrangler:inf] GET /api/bots 401 Unauthorized (292ms)
[wrangler:inf] GET /api/bots 401 Unauthorized (281ms)
[wrangler:inf] GET /api/bots 401 Unauthorized (272ms)
[wrangler:inf] GET /api/bots 401 Unauthorized (427ms)
[wrangler:inf] GET /api/bots 401 Unauthorized (143ms)
[wrangler:inf] OPTIONS /api/auth/user 204 No Content (4ms)
[wrangler:inf] OPTIONS /api/auth/user 204 No Content (5ms)
[wrangler:inf] GET /api/auth/user 401 Unauthorized (274ms)
[wrangler:inf] GET /api/auth/user 401 Unauthorized (138ms)
[wrangler:inf] OPTIONS /api/auth/login 204 No Content (6ms)
Attempting login for email: sbhattacharjee@logiquad.com
Login successful for user: 4cf578b8-b2ba-4cec-9d4d-0b6281c836fb
[wrangler:inf] POST /api/auth/login 200 OK (981ms)
[wrangler:inf] GET /api/auth/user 200 OK (553ms)
[wrangler:inf] GET /api/bots 200 OK (1741ms)
[wrangler:inf] GET /api/bots 200 OK (1194ms)
[wrangler:inf] GET /api/bots 200 OK (909ms)
[wrangler:inf] GET /api/bots 200 OK (981ms)
[wrangler:inf] GET /api/bots 200 OK (788ms)
[wrangler:inf] GET /api/bots 200 OK (987ms)
[wrangler:inf] GET /api/bots 200 OK (715ms)
[wrangler:inf] OPTIONS /api/analytics/bot-stats 204 No Content (3ms)
[wrangler:inf] GET /api/bots 200 OK (690ms)
[wrangler:inf] GET /api/analytics/bot-stats 200 OK (1585ms)
[wrangler:inf] GET /api/bots 200 OK (1173ms)
[wrangler:inf] GET /api/bots 200 OK (792ms)
[wrangler:inf] GET /api/bots 200 OK (1129ms)
[wrangler:inf] GET /api/bots 200 OK (1196ms)
[wrangler:inf] GET /api/bots 200 OK (913ms)
[wrangler:inf] GET /api/bots 200 OK (818ms)
[wrangler:inf] GET /api/bots 200 OK (792ms)
[wrangler:inf] GET /api/bots 200 OK (702ms)
[wrangler:inf] GET /api/analytics/bot-stats 200 OK (1463ms)
[wrangler:inf] GET /api/bots 200 OK (1229ms)
[wrangler:inf] GET /api/bots 200 OK (766ms)
[wrangler:inf] OPTIONS /api/bots/b9e5f375-8afb-4245-9ddf-b6ffe6ad3634 204 No Content (8ms)
[wrangler:inf] OPTIONS /api/bots/b9e5f375-8afb-4245-9ddf-b6ffe6ad3634 204 No Content (11ms)
[wrangler:inf] GET /api/bots/b9e5f375-8afb-4245-9ddf-b6ffe6ad3634 200 OK (265ms)
[wrangler:inf] OPTIONS /api/widget/b9e5f375-8afb-4245-9ddf-b6ffe6ad3634/config 204 No Content (3ms)
[wrangler:inf] GET /api/widget/b9e5f375-8afb-4245-9ddf-b6ffe6ad3634/config 200 OK (223ms)
[wrangler:inf] GET /api/bots/b9e5f375-8afb-4245-9ddf-b6ffe6ad3634 200 OK (252ms)
[wrangler:inf] GET /api/widget/b9e5f375-8afb-4245-9ddf-b6ffe6ad3634/config 200 OK (123ms)
[wrangler:inf] POST /api/widget/b9e5f375-8afb-4245-9ddf-b6ffe6ad3634/config 400 Bad Request (545ms)
⎔ Reloading local server...
⎔ Reloading local server...
[wrangler:inf] GET /api/auth/user 200 OK (394ms)
[wrangler:inf] GET /api/auth/user 200 OK (151ms)
[wrangler:inf] GET /api/bots/b9e5f375-8afb-4245-9ddf-b6ffe6ad3634 200 OK (775ms)
[wrangler:inf] GET /api/bots/b9e5f375-8afb-4245-9ddf-b6ffe6ad3634 200 OK (265ms)
[wrangler:inf] GET /api/widget/b9e5f375-8afb-4245-9ddf-b6ffe6ad3634/config 200 OK (282ms)
[wrangler:inf] GET /api/widget/b9e5f375-8afb-4245-9ddf-b6ffe6ad3634/config 200 OK (179ms)
[wrangler:inf] GET /api/auth/user 200 OK (312ms)
[wrangler:inf] GET /api/auth/user 200 OK (147ms)
[wrangler:inf] GET /api/bots/b9e5f375-8afb-4245-9ddf-b6ffe6ad3634 200 OK (708ms)
[wrangler:inf] GET /api/widget/b9e5f375-8afb-4245-9ddf-b6ffe6ad3634/config 200 OK (166ms)
[wrangler:inf] GET /api/bots/b9e5f375-8afb-4245-9ddf-b6ffe6ad3634 200 OK (289ms)
[wrangler:inf] GET /api/widget/b9e5f375-8afb-4245-9ddf-b6ffe6ad3634/config 200 OK (139ms)
⎔ Reloading local server...
[wrangler:inf] GET /api/auth/user 200 OK (844ms)
[wrangler:inf] GET /api/auth/user 200 OK (242ms)
[wrangler:inf] GET /api/bots/b9e5f375-8afb-4245-9ddf-b6ffe6ad3634 200 OK (1002ms)
[wrangler:inf] GET /api/widget/b9e5f375-8afb-4245-9ddf-b6ffe6ad3634/config 200 OK (345ms)
[wrangler:inf] GET /api/bots/b9e5f375-8afb-4245-9ddf-b6ffe6ad3634 200 OK (556ms)
[wrangler:inf] GET /api/widget/b9e5f375-8afb-4245-9ddf-b6ffe6ad3634/config 200 OK (285ms)
[wrangler:inf] POST /api/widget/b9e5f375-8afb-4245-9ddf-b6ffe6ad3634/config 200 OK (1075ms)
[wrangler:inf] POST /api/widget/b9e5f375-8afb-4245-9ddf-b6ffe6ad3634/config 200 OK (1215ms)
[wrangler:inf] GET /api/widget/b9e5f375-8afb-4245-9ddf-b6ffe6ad3634/config 200 OK (133ms)
[wrangler:inf] GET /api/widget/b9e5f375-8afb-4245-9ddf-b6ffe6ad3634/config 200 OK (263ms)
[wrangler:inf] GET /api/auth/user 200 OK (441ms)
[wrangler:inf] GET /api/auth/user 200 OK (251ms)
[wrangler:inf] GET /api/widget/b9e5f375-8afb-4245-9ddf-b6ffe6ad3634/config 200 OK (758ms)
[wrangler:inf] GET /api/widget/b9e5f375-8afb-4245-9ddf-b6ffe6ad3634/config 200 OK (950ms)
[wrangler:inf] GET /api/auth/user 200 OK (969ms)
[wrangler:inf] GET /api/auth/user 200 OK (243ms)
[wrangler:inf] GET /api/widget/b9e5f375-8afb-4245-9ddf-b6ffe6ad3634/config 200 OK (286ms)
[wrangler:inf] GET /api/bots/b9e5f375-8afb-4245-9ddf-b6ffe6ad3634 200 OK (845ms)
[wrangler:inf] OPTIONS /api/crawl/jobs 204 No Content (6ms)
[wrangler:inf] OPTIONS /api/realtime-crawl/jobs 204 No Content (3ms)
[wrangler:inf] GET /api/bots/b9e5f375-8afb-4245-9ddf-b6ffe6ad3634 200 OK (527ms)
[wrangler:inf] GET /api/realtime-crawl/jobs 200 OK (512ms)
[wrangler:inf] GET /api/crawl/jobs 200 OK (871ms)
[wrangler:inf] OPTIONS /api/documents 204 No Content (3ms)
[wrangler:inf] GET /api/crawl/jobs 200 OK (406ms)
[wrangler:inf] GET /api/realtime-crawl/jobs 200 OK (571ms)
[wrangler:inf] GET /api/documents 200 OK (562ms)
[wrangler:inf] OPTIONS /api/chat/conversations 204 No Content (2ms)
[wrangler:inf] GET /api/documents 200 OK (550ms)
[wrangler:inf] GET /api/chat/conversations 200 OK (733ms)
[wrangler:inf] GET /api/chat/conversations 200 OK (463ms)
[wrangler:inf] GET /api/bots 200 OK (1091ms)
[wrangler:inf] GET /api/bots 200 OK (989ms)
[wrangler:inf] GET /api/bots 200 OK (1621ms)
[wrangler:inf] GET /api/bots 200 OK (948ms)
[wrangler:inf] GET /api/bots 200 OK (887ms)
[wrangler:inf] GET /api/bots 200 OK (952ms)
[wrangler:inf] GET /api/bots 200 OK (851ms)
[wrangler:inf] GET /api/bots 200 OK (652ms)
[wrangler:inf] GET /api/bots 200 OK (796ms)
[wrangler:inf] GET /api/bots 200 OK (1031ms)
[wrangler:inf] GET /api/widget/b9e5f375-8afb-4245-9ddf-b6ffe6ad3634/config 200 OK (534ms)
[wrangler:inf] OPTIONS /api/chat 204 No Content (3ms)
[CHAT] Request received
[CHAT] Request data: query="Hey logi...", botId=b9e5f375-8afb-4245-9ddf-b6ffe6ad3634, conversationId=null
[CHAT] Initializing Supabase with URL: https://qpfljbjbyuiymeqghvsz.supabase.co
[CHAT] Checking if bot exists: b9e5f375-8afb-4245-9ddf-b6ffe6ad3634
[CHAT] Bot found: Logiquad Bot
[CHAT] No conversation ID provided, creating new conversation
[CHAT] New conversation created: 4e6d810e-8518-4486-8e94-6136427c8833
[CHAT] Storing user message in database
[CHAT] User message stored successfully
[CHAT] Calling RAG service at http://localhost:8004/chat
[CHAT] RAG payload: {"query":"Hey logi","bot_id":"b9e5f375-8afb-4245-9ddf-b6ffe6ad3634","conversation_id":"4e6d810e-8518-4486-8e94-6136427c8833","message_history":[]}
[CHAT] RAG service response status: 200
[CHAT] Parsing RAG service response
[CHAT] Answer received (first 50 chars): I'm sorry, I'm having trouble connecting to my lan...
[CHAT] Storing assistant message in database
[CHAT] Assistant message stored successfully
[CHAT] Sending successful response to client
[wrangler:inf] POST /api/chat 200 OK (19769ms)
[wrangler:inf] GET /api/widget/b9e5f375-8afb-4245-9ddf-b6ffe6ad3634/config 200 OK (728ms)
[wrangler:inf] GET /api/widget/b9e5f375-8afb-4245-9ddf-b6ffe6ad3634/config 200 OK (499ms)
[wrangler:inf] OPTIONS /api/auth/logout 204 No Content (8ms)
[wrangler:inf] POST /api/auth/logout 400 Bad Request (927ms)
Attempting login for email: sbhattacharjee@logiquad.com
Login successful for user: 4cf578b8-b2ba-4cec-9d4d-0b6281c836fb
[wrangler:inf] POST /api/auth/login 200 OK (747ms)
[wrangler:inf] GET /api/auth/user 200 OK (273ms)
[wrangler:inf] GET /api/bots 200 OK (1381ms)
[wrangler:inf] GET /api/bots 200 OK (903ms)
[wrangler:inf] GET /api/bots 200 OK (1013ms)
[wrangler:inf] GET /api/bots 200 OK (954ms)
[wrangler:inf] GET /api/bots 200 OK (782ms)
[wrangler:inf] GET /api/bots 200 OK (842ms)
[wrangler:inf] OPTIONS /api/bots/538ce61d-3248-46bd-a1d8-11161b46989f 204 No Content (6ms)
[wrangler:inf] OPTIONS /api/bots/538ce61d-3248-46bd-a1d8-11161b46989f 204 No Content (10ms)
[wrangler:inf] GET /api/bots/538ce61d-3248-46bd-a1d8-11161b46989f 200 OK (420ms)
[wrangler:inf] OPTIONS /api/crawl/jobs 204 No Content (12ms)
[wrangler:inf] OPTIONS /api/realtime-crawl/jobs 204 No Content (18ms)
[wrangler:inf] GET /api/bots/538ce61d-3248-46bd-a1d8-11161b46989f 200 OK (281ms)
[wrangler:inf] GET /api/crawl/jobs 200 OK (397ms)
[wrangler:inf] GET /api/crawl/jobs 200 OK (291ms)
[wrangler:inf] GET /api/realtime-crawl/jobs 200 OK (806ms)
[wrangler:inf] OPTIONS /api/documents 204 No Content (19ms)
[wrangler:inf] GET /api/documents 200 OK (451ms)
[wrangler:inf] OPTIONS /api/chat/conversations 204 No Content (5ms)
[wrangler:inf] GET /api/realtime-crawl/jobs 200 OK (529ms)
[wrangler:inf] GET /api/documents 200 OK (517ms)
[wrangler:inf] GET /api/chat/conversations 200 OK (591ms)
[wrangler:inf] GET /api/chat/conversations 200 OK (441ms)
[wrangler:inf] GET /api/bots 200 OK (716ms)
[wrangler:inf] GET /api/bots 200 OK (740ms)
[wrangler:inf] GET /api/bots/b9e5f375-8afb-4245-9ddf-b6ffe6ad3634 200 OK (465ms)
[wrangler:inf] GET /api/bots/b9e5f375-8afb-4245-9ddf-b6ffe6ad3634 200 OK (265ms)
[wrangler:inf] GET /api/realtime-crawl/jobs 200 OK (279ms)
[wrangler:inf] GET /api/realtime-crawl/jobs 200 OK (306ms)
[wrangler:inf] GET /api/crawl/jobs 200 OK (985ms)
[wrangler:inf] GET /api/crawl/jobs 200 OK (394ms)
[wrangler:inf] GET /api/documents 200 OK (426ms)
[wrangler:inf] GET /api/documents 200 OK (408ms)
[wrangler:inf] GET /api/chat/conversations 200 OK (789ms)
[wrangler:inf] GET /api/chat/conversations 200 OK (556ms)
[wrangler:inf] GET /api/bots 200 OK (1343ms)
[wrangler:inf] GET /api/bots 200 OK (1078ms)
[wrangler:inf] GET /api/bots 200 OK (754ms)
[wrangler:inf] OPTIONS /api/analytics/bot-stats 204 No Content (5ms)
[wrangler:inf] GET /api/analytics/bot-stats 200 OK (768ms)
[wrangler:inf] GET /api/bots 200 OK (974ms)
[wrangler:inf] GET /api/analytics/bot-stats 200 OK (996ms)
[wrangler:inf] OPTIONS /api/analytics/bot-stats 204 No Content (3ms)
[wrangler:inf] GET /api/analytics/bot-stats 200 OK (976ms)
[wrangler:inf] GET /api/bots 200 OK (820ms)
[wrangler:inf] GET /api/bots 200 OK (684ms)
[wrangler:inf] GET /api/bots/538ce61d-3248-46bd-a1d8-11161b46989f 200 OK (292ms)
[wrangler:inf] GET /api/bots/538ce61d-3248-46bd-a1d8-11161b46989f 200 OK (272ms)
[wrangler:inf] OPTIONS /api/widget/538ce61d-3248-46bd-a1d8-11161b46989f/config 204 No Content (2ms)
[wrangler:inf] OPTIONS /api/widget/538ce61d-3248-46bd-a1d8-11161b46989f/config 204 No Content (8ms)
[wrangler:inf] GET /api/widget/538ce61d-3248-46bd-a1d8-11161b46989f/config 200 OK (139ms)
[wrangler:inf] GET /api/widget/538ce61d-3248-46bd-a1d8-11161b46989f/config 200 OK (168ms)
[wrangler:inf] POST /api/widget/538ce61d-3248-46bd-a1d8-11161b46989f/config 200 OK (1103ms)
[wrangler:inf] GET /api/auth/user 200 OK (254ms)
[wrangler:inf] GET /api/widget/538ce61d-3248-46bd-a1d8-11161b46989f/config 200 OK (260ms)
[wrangler:inf] GET /api/widget/538ce61d-3248-46bd-a1d8-11161b46989f/config 200 OK (144ms)
[wrangler:inf] GET /api/auth/user 200 OK (262ms)
[CHAT] Request received
[CHAT] Request data: query="Hi...", botId=538ce61d-3248-46bd-a1d8-11161b46989f, conversationId=null
[CHAT] Initializing Supabase with URL: https://qpfljbjbyuiymeqghvsz.supabase.co
[CHAT] Checking if bot exists: 538ce61d-3248-46bd-a1d8-11161b46989f
[CHAT] Bot found: Logiquad Bot
[CHAT] No conversation ID provided, creating new conversation
[CHAT] New conversation created: 40e7ea9e-0a05-4346-ad56-2385f80af74f
[CHAT] Storing user message in database
[CHAT] User message stored successfully
[CHAT] Calling RAG service at http://localhost:8004/chat
[CHAT] RAG payload: {"query":"Hi","bot_id":"538ce61d-3248-46bd-a1d8-11161b46989f","conversation_id":"40e7ea9e-0a05-4346-ad56-2385f80af74f","message_history":[]}
[CHAT] RAG service response status: 200
[CHAT] Parsing RAG service response
[CHAT] Answer received (first 50 chars): I'm sorry, I'm having trouble connecting to my lan...
[CHAT] Storing assistant message in database
[CHAT] Assistant message stored successfully
[CHAT] Sending successful response to client
[wrangler:inf] POST /api/chat 200 OK (19502ms)
