2025-08-11 10:53:40,778 - parser_service - INFO - Loading embedding model...
2025-08-11 10:53:40,781 - sentence_transformers.SentenceTransformer - INFO - Use pytorch device_name: cpu
2025-08-11 10:53:40,781 - sentence_transformers.SentenceTransformer - INFO - Load pretrained SentenceTransformer: hkunlp/instructor-xl
2025-08-11 10:53:40,784 - urllib3.connectionpool - DEBUG - Starting new HTTPS connection (1): huggingface.co:443
2025-08-11 10:53:42,094 - urllib3.connectionpool - DEBUG - https://huggingface.co:443 "HEAD /hkunlp/instructor-xl/resolve/main/modules.json HTTP/1.1" 307 0
2025-08-11 10:53:42,102 - urllib3.connectionpool - DEBUG - https://huggingface.co:443 "HEAD /api/resolve-cache/models/hkunlp/instructor-xl/ce48b213095e647a6c3536364b9fa00daf57f436/modules.json HTTP/1.1" 200 0
2025-08-11 10:53:42,356 - urllib3.connectionpool - DEBUG - https://huggingface.co:443 "HEAD /hkunlp/instructor-xl/resolve/main/config_sentence_transformers.json HTTP/1.1" 307 0
2025-08-11 10:53:42,364 - urllib3.connectionpool - DEBUG - https://huggingface.co:443 "HEAD /api/resolve-cache/models/hkunlp/instructor-xl/ce48b213095e647a6c3536364b9fa00daf57f436/config_sentence_transformers.json HTTP/1.1" 200 0
2025-08-11 10:53:42,609 - urllib3.connectionpool - DEBUG - https://huggingface.co:443 "HEAD /hkunlp/instructor-xl/resolve/main/config_sentence_transformers.json HTTP/1.1" 307 0
2025-08-11 10:53:42,618 - urllib3.connectionpool - DEBUG - https://huggingface.co:443 "HEAD /api/resolve-cache/models/hkunlp/instructor-xl/ce48b213095e647a6c3536364b9fa00daf57f436/config_sentence_transformers.json HTTP/1.1" 200 0
2025-08-11 10:53:43,709 - urllib3.connectionpool - DEBUG - https://huggingface.co:443 "HEAD /hkunlp/instructor-xl/resolve/main/README.md HTTP/1.1" 307 0
2025-08-11 10:53:43,719 - urllib3.connectionpool - DEBUG - https://huggingface.co:443 "HEAD /api/resolve-cache/models/hkunlp/instructor-xl/ce48b213095e647a6c3536364b9fa00daf57f436/README.md HTTP/1.1" 200 0
2025-08-11 10:53:43,981 - urllib3.connectionpool - DEBUG - https://huggingface.co:443 "HEAD /hkunlp/instructor-xl/resolve/main/modules.json HTTP/1.1" 307 0
2025-08-11 10:53:43,995 - urllib3.connectionpool - DEBUG - https://huggingface.co:443 "HEAD /api/resolve-cache/models/hkunlp/instructor-xl/ce48b213095e647a6c3536364b9fa00daf57f436/modules.json HTTP/1.1" 200 0
2025-08-11 10:53:44,245 - urllib3.connectionpool - DEBUG - https://huggingface.co:443 "HEAD /hkunlp/instructor-xl/resolve/main/sentence_bert_config.json HTTP/1.1" 307 0
2025-08-11 10:53:44,253 - urllib3.connectionpool - DEBUG - https://huggingface.co:443 "HEAD /api/resolve-cache/models/hkunlp/instructor-xl/ce48b213095e647a6c3536364b9fa00daf57f436/sentence_bert_config.json HTTP/1.1" 200 0
2025-08-11 10:53:44,499 - urllib3.connectionpool - DEBUG - https://huggingface.co:443 "HEAD /hkunlp/instructor-xl/resolve/main/adapter_config.json HTTP/1.1" 404 0
2025-08-11 10:53:44,751 - urllib3.connectionpool - DEBUG - https://huggingface.co:443 "HEAD /hkunlp/instructor-xl/resolve/main/config.json HTTP/1.1" 307 0
2025-08-11 10:53:44,760 - urllib3.connectionpool - DEBUG - https://huggingface.co:443 "HEAD /api/resolve-cache/models/hkunlp/instructor-xl/ce48b213095e647a6c3536364b9fa00daf57f436/config.json HTTP/1.1" 200 0
2025-08-11 10:53:45,106 - urllib3.connectionpool - DEBUG - https://huggingface.co:443 "HEAD /hkunlp/instructor-xl/resolve/main/model.safetensors HTTP/1.1" 404 0
2025-08-11 10:53:45,120 - urllib3.connectionpool - DEBUG - Starting new HTTPS connection (1): huggingface.co:443
2025-08-11 10:53:45,934 - urllib3.connectionpool - DEBUG - https://huggingface.co:443 "GET /api/models/hkunlp/instructor-xl HTTP/1.1" 200 142174
2025-08-11 10:53:46,210 - urllib3.connectionpool - DEBUG - https://huggingface.co:443 "GET /api/models/hkunlp/instructor-xl/commits/main HTTP/1.1" 200 5557
2025-08-11 10:53:46,522 - urllib3.connectionpool - DEBUG - https://huggingface.co:443 "GET /api/models/hkunlp/instructor-xl/discussions?p=0 HTTP/1.1" 200 20808
2025-08-11 10:53:46,791 - urllib3.connectionpool - DEBUG - https://huggingface.co:443 "GET /api/models/hkunlp/instructor-xl/commits/refs%2Fpr%2F6 HTTP/1.1" 200 5866
2025-08-11 10:53:46,792 - urllib3.connectionpool - DEBUG - Starting new HTTPS connection (1): safetensors-convert.hf.space:443
2025-08-11 10:53:48,136 - urllib3.connectionpool - DEBUG - https://safetensors-convert.hf.space:443 "POST /call/run HTTP/1.1" 200 47
2025-08-11 10:53:48,140 - urllib3.connectionpool - DEBUG - Starting new HTTPS connection (1): safetensors-convert.hf.space:443
2025-08-11 10:53:49,880 - urllib3.connectionpool - DEBUG - https://safetensors-convert.hf.space:443 "GET /call/run/7f692a66c0384cc29dc8f306c3ed5156 HTTP/1.1" 200 None
2025-08-11 10:53:50,140 - urllib3.connectionpool - DEBUG - https://huggingface.co:443 "GET /api/models/hkunlp/instructor-xl/commits/main HTTP/1.1" 200 5557
2025-08-11 10:53:50,419 - urllib3.connectionpool - DEBUG - https://huggingface.co:443 "GET /api/models/hkunlp/instructor-xl/discussions?p=0 HTTP/1.1" 200 20808
2025-08-11 10:53:50,925 - urllib3.connectionpool - DEBUG - https://huggingface.co:443 "GET /api/models/hkunlp/instructor-xl/commits/refs%2Fpr%2F6 HTTP/1.1" 200 5866
2025-08-11 10:53:51,169 - urllib3.connectionpool - DEBUG - https://huggingface.co:443 "HEAD /hkunlp/instructor-xl/resolve/refs%2Fpr%2F6/model.safetensors.index.json HTTP/1.1" 404 0
2025-08-11 10:53:51,548 - urllib3.connectionpool - DEBUG - https://huggingface.co:443 "HEAD /hkunlp/instructor-xl/resolve/refs%2Fpr%2F6/model.safetensors HTTP/1.1" 302 0
2025-08-11 10:53:55,434 - urllib3.connectionpool - DEBUG - https://huggingface.co:443 "HEAD /hkunlp/instructor-xl/resolve/main/tokenizer_config.json HTTP/1.1" 307 0
2025-08-11 10:53:55,442 - urllib3.connectionpool - DEBUG - https://huggingface.co:443 "HEAD /api/resolve-cache/models/hkunlp/instructor-xl/ce48b213095e647a6c3536364b9fa00daf57f436/tokenizer_config.json HTTP/1.1" 200 0
2025-08-11 10:53:55,703 - urllib3.connectionpool - DEBUG - https://huggingface.co:443 "GET /api/models/hkunlp/instructor-xl/tree/main/additional_chat_templates?recursive=False&expand=False HTTP/1.1" 404 64
2025-08-11 10:53:56,060 - urllib3.connectionpool - DEBUG - https://huggingface.co:443 "HEAD /hkunlp/instructor-xl/resolve/main/1_Pooling/config.json HTTP/1.1" 307 0
2025-08-11 10:53:56,070 - urllib3.connectionpool - DEBUG - https://huggingface.co:443 "HEAD /api/resolve-cache/models/hkunlp/instructor-xl/ce48b213095e647a6c3536364b9fa00daf57f436/1_Pooling%2Fconfig.json HTTP/1.1" 200 0
2025-08-11 10:53:56,752 - urllib3.connectionpool - DEBUG - https://huggingface.co:443 "HEAD /hkunlp/instructor-xl/resolve/main/2_Dense/config.json HTTP/1.1" 307 0
2025-08-11 10:53:56,762 - urllib3.connectionpool - DEBUG - https://huggingface.co:443 "HEAD /api/resolve-cache/models/hkunlp/instructor-xl/ce48b213095e647a6c3536364b9fa00daf57f436/2_Dense%2Fconfig.json HTTP/1.1" 200 0
2025-08-11 10:53:57,032 - urllib3.connectionpool - DEBUG - https://huggingface.co:443 "HEAD /hkunlp/instructor-xl/resolve/main/2_Dense/model.safetensors HTTP/1.1" 404 0
2025-08-11 10:53:57,280 - urllib3.connectionpool - DEBUG - https://huggingface.co:443 "HEAD /hkunlp/instructor-xl/resolve/main/2_Dense/pytorch_model.bin HTTP/1.1" 302 0
2025-08-11 10:53:57,578 - urllib3.connectionpool - DEBUG - https://huggingface.co:443 "GET /api/models/hkunlp/instructor-xl HTTP/1.1" 200 142174
2025-08-11 10:53:57,598 - parser_service - INFO - Embedding model loaded
2025-08-11 10:53:57,598 - parser_service - INFO - Connecting to Qdrant...
C:\Users\sagni\AppData\Local\Packages\PythonSoftwareFoundation.Python.3.12_qbz5n2kfra8p0\LocalCache\local-packages\Python312\site-packages\qdrant_client\qdrant_remote.py:116: UserWarning: Api key is used with unsecure connection.
  warnings.warn("Api key is used with unsecure connection.")
2025-08-11 10:53:58,111 - parser_service - INFO - Connected to Qdrant at http://localhost:6333
2025-08-11 10:53:58,112 - parser_service - INFO - Starting parser service on port 8002...
 * Serving Flask app 'parser_service'
 * Debug mode: off
2025-08-11 10:53:58,120 - werkzeug - INFO - [31m[1mWARNING: This is a development server. Do not use it in a production deployment. Use a production WSGI server instead.[0m
 * Running on all addresses (0.0.0.0)
 * Running on http://127.0.0.1:8002
 * Running on http://192.168.1.37:8002
2025-08-11 10:53:58,120 - werkzeug - INFO - [33mPress CTRL+C to quit[0m
elopment server. Do not use it in a production deployment. Use a production WSGI server instead.[0m
 * Running on all addresses (0.0.0.0)
 * Running on http://127.0.0.1:8002
 * Running on http://192.168.1.37:8002
2025-08-11 10:53:58,120 - werkzeug - INFO - [33mPress CTRL+C to quit[0m
