2025-08-21 16:00:44,872 - botocore.hooks - DEBUG - Changing event name from creating-client-class.iot-data to creating-client-class.iot-data-plane
2025-08-21 16:00:44,876 - botocore.hooks - DEBUG - Changing event name from before-call.apigateway to before-call.api-gateway
2025-08-21 16:00:44,876 - botocore.hooks - DEBUG - Changing event name from request-created.machinelearning.Predict to request-created.machine-learning.Predict
2025-08-21 16:00:44,878 - botocore.hooks - DEBUG - Changing event name from before-parameter-build.autoscaling.CreateLaunchConfiguration to before-parameter-build.auto-scaling.CreateLaunchConfiguration
2025-08-21 16:00:44,878 - botocore.hooks - DEBUG - Changing event name from before-parameter-build.route53 to before-parameter-build.route-53
2025-08-21 16:00:44,879 - botocore.hooks - DEBUG - Changing event name from request-created.cloudsearchdomain.Search to request-created.cloudsearch-domain.Search
2025-08-21 16:00:44,880 - botocore.hooks - DEBUG - Changing event name from docs.*.autoscaling.CreateLaunchConfiguration.complete-section to docs.*.auto-scaling.CreateLaunchConfiguration.complete-section
2025-08-21 16:00:44,884 - botocore.hooks - DEBUG - Changing event name from before-parameter-build.logs.CreateExportTask to before-parameter-build.cloudwatch-logs.CreateExportTask
2025-08-21 16:00:44,884 - botocore.hooks - DEBUG - Changing event name from docs.*.logs.CreateExportTask.complete-section to docs.*.cloudwatch-logs.CreateExportTask.complete-section
2025-08-21 16:00:44,884 - botocore.hooks - DEBUG - Changing event name from before-parameter-build.cloudsearchdomain.Search to before-parameter-build.cloudsearch-domain.Search
2025-08-21 16:00:44,884 - botocore.hooks - DEBUG - Changing event name from docs.*.cloudsearchdomain.Search.complete-section to docs.*.cloudsearch-domain.Search.complete-section
2025-08-21 16:00:44,892 - botocore.loaders - DEBUG - Loading JSON file: C:\Users\sagni\AppData\Local\Packages\PythonSoftwareFoundation.Python.3.12_qbz5n2kfra8p0\LocalCache\local-packages\Python312\site-packages\botocore\data\endpoints.json
2025-08-21 16:00:44,922 - botocore.loaders - DEBUG - Loading JSON file: C:\Users\sagni\AppData\Local\Packages\PythonSoftwareFoundation.Python.3.12_qbz5n2kfra8p0\LocalCache\local-packages\Python312\site-packages\botocore\data\sdk-default-configuration.json
2025-08-21 16:00:44,922 - botocore.hooks - DEBUG - Event choose-service-name: calling handler <function handle_service_name_alias at 0x000001D66C640B80>
2025-08-21 16:00:45,374 - botocore.loaders - DEBUG - Loading JSON file: C:\Users\sagni\AppData\Local\Packages\PythonSoftwareFoundation.Python.3.12_qbz5n2kfra8p0\LocalCache\local-packages\Python312\site-packages\botocore\data\bedrock-runtime\2023-09-30\service-2.json.gz
2025-08-21 16:00:45,588 - botocore.loaders - DEBUG - Loading JSON file: C:\Users\sagni\AppData\Local\Packages\PythonSoftwareFoundation.Python.3.12_qbz5n2kfra8p0\LocalCache\local-packages\Python312\site-packages\botocore\data\bedrock-runtime\2023-09-30\endpoint-rule-set-1.json.gz
2025-08-21 16:00:45,590 - botocore.loaders - DEBUG - Loading JSON file: C:\Users\sagni\AppData\Local\Packages\PythonSoftwareFoundation.Python.3.12_qbz5n2kfra8p0\LocalCache\local-packages\Python312\site-packages\botocore\data\partitions.json
2025-08-21 16:00:45,592 - botocore.hooks - DEBUG - Event creating-client-class.bedrock-runtime: calling handler <function remove_bedrock_runtime_invoke_model_with_bidirectional_stream at 0x000001D66C66CA40>
2025-08-21 16:00:45,592 - botocore.hooks - DEBUG - Event creating-client-class.bedrock-runtime: calling handler <function add_generate_presigned_url at 0x000001D66C5E00E0>
2025-08-21 16:00:45,592 - botocore.configprovider - DEBUG - Looking for endpoint for bedrock-runtime via: environment_service
2025-08-21 16:00:45,592 - botocore.configprovider - DEBUG - Looking for endpoint for bedrock-runtime via: environment_global
2025-08-21 16:00:45,593 - botocore.configprovider - DEBUG - Looking for endpoint for bedrock-runtime via: config_service
2025-08-21 16:00:45,593 - botocore.configprovider - DEBUG - Looking for endpoint for bedrock-runtime via: config_global
2025-08-21 16:00:45,593 - botocore.configprovider - DEBUG - No configured endpoint found.
2025-08-21 16:00:45,593 - botocore.regions - DEBUG - Creating a regex based endpoint for bedrock-runtime, us-west-2
2025-08-21 16:00:45,597 - botocore.endpoint - DEBUG - Setting bedrock-runtime timeout as (60, 60)
2025-08-21 16:00:45,601 - botocore.loaders - DEBUG - Loading JSON file: C:\Users\sagni\AppData\Local\Packages\PythonSoftwareFoundation.Python.3.12_qbz5n2kfra8p0\LocalCache\local-packages\Python312\site-packages\botocore\data\_retry.json
2025-08-21 16:00:45,602 - botocore.client - DEBUG - Registering retry handlers for service: bedrock-runtime
2025-08-21 16:00:46,603 - realtime_crawl - INFO - Starting realtime crawl service on port 8005...
2025-08-21 16:00:46,604 - realtime_crawl - INFO - Environment variables loaded: QDRANT_URL=https://5eb98ed2-2314-4049-b417-a580896bc274.us-west-2-0.aws.cloud.qdrant.io, SUPABASE_DB_HOST=aws-0-ap-southeast-1.pooler.supabase.com
Initializing Bedrock client...
Bedrock client initialized
Connecting to Qdrant...
Connected to Qdrant at https://5eb98ed2-2314-4049-b417-a580896bc274.us-west-2-0.aws.cloud.qdrant.io
 * Serving Flask app 'realtime_crawl_service'
 * Debug mode: on
2025-08-21 16:00:46,630 - werkzeug - INFO - [31m[1mWARNING: This is a development server. Do not use it in a production deployment. Use a production WSGI server instead.[0m
 * Running on all addresses (0.0.0.0)
 * Running on http://127.0.0.1:8005
 * Running on http://192.168.1.4:8005
2025-08-21 16:00:46,630 - werkzeug - INFO - [33mPress CTRL+C to quit[0m
2025-08-21 16:00:46,631 - werkzeug - INFO -  * Restarting with stat
2025-08-21 16:01:17,343 - botocore.hooks - DEBUG - Changing event name from creating-client-class.iot-data to creating-client-class.iot-data-plane
2025-08-21 16:01:17,358 - botocore.hooks - DEBUG - Changing event name from before-call.apigateway to before-call.api-gateway
2025-08-21 16:01:17,360 - botocore.hooks - DEBUG - Changing event name from request-created.machinelearning.Predict to request-created.machine-learning.Predict
2025-08-21 16:01:17,363 - botocore.hooks - DEBUG - Changing event name from before-parameter-build.autoscaling.CreateLaunchConfiguration to before-parameter-build.auto-scaling.CreateLaunchConfiguration
2025-08-21 16:01:17,364 - botocore.hooks - DEBUG - Changing event name from before-parameter-build.route53 to before-parameter-build.route-53
2025-08-21 16:01:17,365 - botocore.hooks - DEBUG - Changing event name from request-created.cloudsearchdomain.Search to request-created.cloudsearch-domain.Search
2025-08-21 16:01:17,367 - botocore.hooks - DEBUG - Changing event name from docs.*.autoscaling.CreateLaunchConfiguration.complete-section to docs.*.auto-scaling.CreateLaunchConfiguration.complete-section
2025-08-21 16:01:17,372 - botocore.hooks - DEBUG - Changing event name from before-parameter-build.logs.CreateExportTask to before-parameter-build.cloudwatch-logs.CreateExportTask
2025-08-21 16:01:17,373 - botocore.hooks - DEBUG - Changing event name from docs.*.logs.CreateExportTask.complete-section to docs.*.cloudwatch-logs.CreateExportTask.complete-section
2025-08-21 16:01:17,373 - botocore.hooks - DEBUG - Changing event name from before-parameter-build.cloudsearchdomain.Search to before-parameter-build.cloudsearch-domain.Search
2025-08-21 16:01:17,373 - botocore.hooks - DEBUG - Changing event name from docs.*.cloudsearchdomain.Search.complete-section to docs.*.cloudsearch-domain.Search.complete-section
2025-08-21 16:01:17,382 - botocore.loaders - DEBUG - Loading JSON file: C:\Users\sagni\AppData\Local\Packages\PythonSoftwareFoundation.Python.3.12_qbz5n2kfra8p0\LocalCache\local-packages\Python312\site-packages\botocore\data\endpoints.json
2025-08-21 16:01:17,436 - botocore.loaders - DEBUG - Loading JSON file: C:\Users\sagni\AppData\Local\Packages\PythonSoftwareFoundation.Python.3.12_qbz5n2kfra8p0\LocalCache\local-packages\Python312\site-packages\botocore\data\sdk-default-configuration.json
2025-08-21 16:01:17,436 - botocore.hooks - DEBUG - Event choose-service-name: calling handler <function handle_service_name_alias at 0x000001459E60CCC0>
2025-08-21 16:01:17,759 - botocore.loaders - DEBUG - Loading JSON file: C:\Users\sagni\AppData\Local\Packages\PythonSoftwareFoundation.Python.3.12_qbz5n2kfra8p0\LocalCache\local-packages\Python312\site-packages\botocore\data\bedrock-runtime\2023-09-30\service-2.json.gz
2025-08-21 16:01:18,093 - botocore.loaders - DEBUG - Loading JSON file: C:\Users\sagni\AppData\Local\Packages\PythonSoftwareFoundation.Python.3.12_qbz5n2kfra8p0\LocalCache\local-packages\Python312\site-packages\botocore\data\bedrock-runtime\2023-09-30\endpoint-rule-set-1.json.gz
2025-08-21 16:01:18,094 - botocore.loaders - DEBUG - Loading JSON file: C:\Users\sagni\AppData\Local\Packages\PythonSoftwareFoundation.Python.3.12_qbz5n2kfra8p0\LocalCache\local-packages\Python312\site-packages\botocore\data\partitions.json
2025-08-21 16:01:18,096 - botocore.hooks - DEBUG - Event creating-client-class.bedrock-runtime: calling handler <function remove_bedrock_runtime_invoke_model_with_bidirectional_stream at 0x000001459E63CB80>
2025-08-21 16:01:18,097 - botocore.hooks - DEBUG - Event creating-client-class.bedrock-runtime: calling handler <function add_generate_presigned_url at 0x000001459E5B4220>
2025-08-21 16:01:18,097 - botocore.configprovider - DEBUG - Looking for endpoint for bedrock-runtime via: environment_service
2025-08-21 16:01:18,098 - botocore.configprovider - DEBUG - Looking for endpoint for bedrock-runtime via: environment_global
2025-08-21 16:01:18,098 - botocore.configprovider - DEBUG - Looking for endpoint for bedrock-runtime via: config_service
2025-08-21 16:01:18,098 - botocore.configprovider - DEBUG - Looking for endpoint for bedrock-runtime via: config_global
2025-08-21 16:01:18,098 - botocore.configprovider - DEBUG - No configured endpoint found.
2025-08-21 16:01:18,099 - botocore.regions - DEBUG - Creating a regex based endpoint for bedrock-runtime, us-west-2
2025-08-21 16:01:18,105 - botocore.endpoint - DEBUG - Setting bedrock-runtime timeout as (60, 60)
2025-08-21 16:01:18,109 - botocore.loaders - DEBUG - Loading JSON file: C:\Users\sagni\AppData\Local\Packages\PythonSoftwareFoundation.Python.3.12_qbz5n2kfra8p0\LocalCache\local-packages\Python312\site-packages\botocore\data\_retry.json
2025-08-21 16:01:18,109 - botocore.client - DEBUG - Registering retry handlers for service: bedrock-runtime
2025-08-21 16:01:19,417 - realtime_crawl - INFO - Starting realtime crawl service on port 8005...
2025-08-21 16:01:19,418 - realtime_crawl - INFO - Environment variables loaded: QDRANT_URL=https://5eb98ed2-2314-4049-b417-a580896bc274.us-west-2-0.aws.cloud.qdrant.io, SUPABASE_DB_HOST=aws-0-ap-southeast-1.pooler.supabase.com
2025-08-21 16:01:19,430 - werkzeug - WARNING -  * Debugger is active!
2025-08-21 16:01:19,456 - werkzeug - INFO -  * Debugger PIN: 130-378-968
DRANT_URL=https://5eb98ed2-2314-4049-b417-a580896bc274.us-west-2-0.aws.cloud.qdrant.io, SUPABASE_DB_HOST=aws-0-ap-southeast-1.pooler.supabase.com
2025-08-21 16:01:19,430 - werkzeug - WARNING -  * Debugger is active!
2025-08-21 16:01:19,456 - werkzeug - INFO -  * Debugger PIN: 130-378-968
